▿ (2 elements)
  ▿ base: Optional<RewardsDismissBannerRequest>
    ▿ some: RewardsDismissBannerRequest
      ▿ apiEndpoints: RewardsEndpointsStub
        - baseURL: test.mobile-api.woolworths.com.au
        - rewardsActivityPath: "/zeus/metis/v1/rewards/graphql"
      - bannerId: "snapshotID"
  - query: "mutation($id: ID!) {\n  rewardsBannerDismissed(id: $id)\n}"
