▿ Optional<RewardsDismissBannerRequest>
  ▿ some: RewardsDismissBannerRequest
    ▿ apiEndpoints: RewardsEndpointsStub
      - baseURL: test.mobile-api.woolworths.com.au
      - rewardsActivityPath: "/zeus/metis/v1/rewards/graphql"
    - bannerId: "snapshotID"
