<SnapshotTestingDemo.ItemView; frame = (0 0; 0 0); layer = <CALayer>>
   | <UIStackView; frame = (24 24; 0 0); layer = <CALayer>>
   |    | <UIImageView; frame = (0 0; 0 0); opaque = NO; userInteractionEnabled = NO; layer = <CALayer>>
   |    | <UIStackView; frame = (0 0; 0 0); layer = <CALayer>>
   |    |    | <UILabel; frame = (0 0; 0 0); text = 'Snapshot Testing Demo'; userInteractionEnabled = NO; layer = <_UILabelLayer>>
   |    |    | <UILabel; frame = (0 0; 0 0); text = 'When an assertion first r...'; userInteractionEnabled = NO; layer = <_UILabelLayer>>